// Jest Snapshot v1, https://goo.gl/fbAQLP

exports[` 1`] = `
<div
  className="CalculatorOutput"
>
  <h3>
    Results:
  </h3>
  <p>
    Number of items: 
    100
    <br />
    Price per item: $
    200
  </p>
  <p>
    Subtotal: $
    20000
    <br />
    Tax: $
    1370
     (
    6.85
    %)
    <br />
    Total: $
    20000
     (excl. tax)
    <br />
  </p>
</div>
`;
